// Jest Snapshot v1, https://goo.gl/fbAQLP

exports[`ShoppingList component renders ShoppingItems when supplied with an item prop 1`] = `<ul />`;

exports[`ShoppingList component renders empty given no items 1`] = `<ul />`;
